// Jest Snapshot v1, https://goo.gl/fbAQLP

exports[`Home page Should show the component snapshot 1`] = `"You have answered 5 / 22"`;
